Circuit: * F:\Daniel\Desktop\Draft2.asc

WARNING: Node NC_02 is floating.
WARNING: Node NC_04 is floating.

WARNING: Less than two connections to node NC_01.  This node is used by R4.
WARNING: Less than two connections to node NC_02.  This node is used by R4.
WARNING: Less than two connections to node NC_03.  This node is used by R6.
WARNING: Less than two connections to node NC_04.  This node is used by R6.
Direct Newton iteration for .op point succeeded.

Date: Mon Aug 26 20:13:51 2024
Total elapsed time: 0.069 seconds.

tnom = 27
temp = 27
method = modified trap
totiter = 2135
traniter = 2088
tranpoints = 1045
accept = 1045
rejected = 0
matrix size = 15
fillins = 0
solver = Normal
Matrix Compiler1: 452 bytes object code size  0.1/0.1/[0.1]
Matrix Compiler2: 1005 bytes object code size  0.1/0.1/[0.1]

